------------------------------------------------------------
Timing Analyzer Summary
------------------------------------------------------------

Type  : Slow 1100mV 85C Model Setup 'clk'
Slack : -12.554
TNS   : -6596.235

Type  : Slow 1100mV 85C Model Hold 'clk'
Slack : 0.337
TNS   : 0.000

Type  : Slow 1100mV 85C Model Minimum Pulse Width 'clk'
Slack : -2.636
TNS   : -966.813

Type  : Slow 1100mV 0C Model Setup 'clk'
Slack : -12.235
TNS   : -6429.644

Type  : Slow 1100mV 0C Model Hold 'clk'
Slack : 0.291
TNS   : 0.000

Type  : Slow 1100mV 0C Model Minimum Pulse Width 'clk'
Slack : -2.636
TNS   : -1014.002

Type  : Fast 1100mV 85C Model Setup 'clk'
Slack : -7.166
TNS   : -3601.078

Type  : Fast 1100mV 85C Model Hold 'clk'
Slack : 0.185
TNS   : 0.000

Type  : Fast 1100mV 85C Model Minimum Pulse Width 'clk'
Slack : -2.636
TNS   : -537.121

Type  : Fast 1100mV 0C Model Setup 'clk'
Slack : -6.355
TNS   : -3176.112

Type  : Fast 1100mV 0C Model Hold 'clk'
Slack : 0.162
TNS   : 0.000

Type  : Fast 1100mV 0C Model Minimum Pulse Width 'clk'
Slack : -2.636
TNS   : -539.896

------------------------------------------------------------
